{
  "version": "1.5.0",
  "plugins_used": [
    {
      "name": "ArtifactoryDetector"
    },
    {
      "name": "AWSKeyDetector"
    },
    {
      "name": "AzureStorageKeyDetector"
    },
    {
      "name": "Base64HighEntropyString",
      "limit": 4.5
    },
    {
      "name": "BasicAuthDetector"
    },
    {
      "name": "CloudantDetector"
    },
    {
      "name": "DiscordBotTokenDetector"
    },
    {
      "name": "GitHubTokenDetector"
    },
    {
      "name": "GitLabTokenDetector"
    },
    {
      "name": "HexHighEntropyString",
      "limit": 3.0
    },
    {
      "name": "IbmCloudIamDetector"
    },
    {
      "name": "IbmCosHmacDetector"
    },
    {
      "name": "IPPublicDetector"
    },
    {
      "name": "JwtTokenDetector"
    },
    {
      "name": "KeywordDetector",
      "keyword_exclude": ""
    },
    {
      "name": "MailchimpDetector"
    },
    {
      "name": "NpmDetector"
    },
    {
      "name": "OpenAIDetector"
    },
    {
      "name": "PrivateKeyDetector"
    },
    {
      "name": "PypiTokenDetector"
    },
    {
      "name": "SendGridDetector"
    },
    {
      "name": "SlackDetector"
    },
    {
      "name": "SoftlayerDetector"
    },
    {
      "name": "SquareOAuthDetector"
    },
    {
      "name": "StripeDetector"
    },
    {
      "name": "TelegramBotTokenDetector"
    },
    {
      "name": "TwilioKeyDetector"
    }
  ],
  "filters_used": [
    {
      "path": "detect_secrets.filters.allowlist.is_line_allowlisted"
    },
    {
      "path": "detect_secrets.filters.common.is_ignored_due_to_verification_policies",
      "min_level": 2
    },
    {
      "path": "detect_secrets.filters.heuristic.is_indirect_reference"
    },
    {
      "path": "detect_secrets.filters.heuristic.is_likely_id_string"
    },
    {
      "path": "detect_secrets.filters.heuristic.is_lock_file"
    },
    {
      "path": "detect_secrets.filters.heuristic.is_not_alphanumeric_string"
    },
    {
      "path": "detect_secrets.filters.heuristic.is_potential_uuid"
    },
    {
      "path": "detect_secrets.filters.heuristic.is_prefixed_with_dollar_sign"
    },
    {
      "path": "detect_secrets.filters.heuristic.is_sequential_string"
    },
    {
      "path": "detect_secrets.filters.heuristic.is_swagger_file"
    },
    {
      "path": "detect_secrets.filters.heuristic.is_templated_secret"
    }
  ],
  "results": {
    "dashboard/data_loader.py": [
      {
        "type": "Base64 High Entropy String",
        "filename": "dashboard/data_loader.py",
        "hashed_secret": "5ed25ca7464c3ab0209afdee7641670ad2bafac8",
        "is_verified": false,
        "line_number": 33
      },
      {
        "type": "Base64 High Entropy String",
        "filename": "dashboard/data_loader.py",
        "hashed_secret": "4e8481e447f2f5012e8cdf9ac63ae2e11feba637",
        "is_verified": false,
        "line_number": 34
      },
      {
        "type": "Base64 High Entropy String",
        "filename": "dashboard/data_loader.py",
        "hashed_secret": "e9243cb2ce26099a77507b4058f66935fb489f8b",
        "is_verified": false,
        "line_number": 37
      },
      {
        "type": "Base64 High Entropy String",
        "filename": "dashboard/data_loader.py",
        "hashed_secret": "61143112242ed0e88b3e38f76725b0eac3803cc7",
        "is_verified": false,
        "line_number": 40
      }
    ],
    "notebooks/01_data_ingestion_and_validation.ipynb": [
      {
        "type": "Hex High Entropy String",
        "filename": "notebooks/01_data_ingestion_and_validation.ipynb",
        "hashed_secret": "47dadee532bda6256a33f1f7599c3243e175f62d",
        "is_verified": false,
        "line_number": 39
      },
      {
        "type": "Hex High Entropy String",
        "filename": "notebooks/01_data_ingestion_and_validation.ipynb",
        "hashed_secret": "e3064ced9b3b4a52a05ee543639707d1eec95b44",
        "is_verified": false,
        "line_number": 79
      },
      {
        "type": "Hex High Entropy String",
        "filename": "notebooks/01_data_ingestion_and_validation.ipynb",
        "hashed_secret": "c1c33eba4a05e3f0d582d41672ed59d1f37c51df",
        "is_verified": false,
        "line_number": 109
      },
      {
        "type": "Hex High Entropy String",
        "filename": "notebooks/01_data_ingestion_and_validation.ipynb",
        "hashed_secret": "bbab759b7bdf83178d43f607238ed297795613fb",
        "is_verified": false,
        "line_number": 213
      },
      {
        "type": "Hex High Entropy String",
        "filename": "notebooks/01_data_ingestion_and_validation.ipynb",
        "hashed_secret": "f653c5b83ba997eaf40505cc1012dfc62c485bc6",
        "is_verified": false,
        "line_number": 256
      },
      {
        "type": "Hex High Entropy String",
        "filename": "notebooks/01_data_ingestion_and_validation.ipynb",
        "hashed_secret": "06470861b5fc1002782d4729b4c3f704d8e56284",
        "is_verified": false,
        "line_number": 279
      },
      {
        "type": "Hex High Entropy String",
        "filename": "notebooks/01_data_ingestion_and_validation.ipynb",
        "hashed_secret": "848605ae331342896df9586089df99e4c6f62c8d",
        "is_verified": false,
        "line_number": 403
      },
      {
        "type": "Hex High Entropy String",
        "filename": "notebooks/01_data_ingestion_and_validation.ipynb",
        "hashed_secret": "eac9f99db137113130b7dfd021b1c0382c608372",
        "is_verified": false,
        "line_number": 411
      },
      {
        "type": "Hex High Entropy String",
        "filename": "notebooks/01_data_ingestion_and_validation.ipynb",
        "hashed_secret": "d29b68b90b24600e54626aa342d86b687dee756b",
        "is_verified": false,
        "line_number": 420
      },
      {
        "type": "Hex High Entropy String",
        "filename": "notebooks/01_data_ingestion_and_validation.ipynb",
        "hashed_secret": "f8e978e5a0b2de88e773518ded8889fb64ff9433",
        "is_verified": false,
        "line_number": 466
      },
      {
        "type": "Hex High Entropy String",
        "filename": "notebooks/01_data_ingestion_and_validation.ipynb",
        "hashed_secret": "c74db8ac88846ef542b8ef64b677f5721b22bcea",
        "is_verified": false,
        "line_number": 638
      },
      {
        "type": "Hex High Entropy String",
        "filename": "notebooks/01_data_ingestion_and_validation.ipynb",
        "hashed_secret": "09f914d0e1214087ccb848c61ff98b335ec378e2",
        "is_verified": false,
        "line_number": 653
      },
      {
        "type": "Hex High Entropy String",
        "filename": "notebooks/01_data_ingestion_and_validation.ipynb",
        "hashed_secret": "760cf8291cd5a5a36ca1d037b9d60028d7659b5a",
        "is_verified": false,
        "line_number": 662
      },
      {
        "type": "Hex High Entropy String",
        "filename": "notebooks/01_data_ingestion_and_validation.ipynb",
        "hashed_secret": "e3d0385e62a2f51edfc0277d80c41079cae73678",
        "is_verified": false,
        "line_number": 709
      },
      {
        "type": "Hex High Entropy String",
        "filename": "notebooks/01_data_ingestion_and_validation.ipynb",
        "hashed_secret": "0aec0830cb0b1fe9b032a4a6c3be850f95b52de7",
        "is_verified": false,
        "line_number": 756
      },
      {
        "type": "Hex High Entropy String",
        "filename": "notebooks/01_data_ingestion_and_validation.ipynb",
        "hashed_secret": "6a1b4db45ea3161f36ef3719cb1b6c94209c4b26",
        "is_verified": false,
        "line_number": 765
      },
      {
        "type": "Hex High Entropy String",
        "filename": "notebooks/01_data_ingestion_and_validation.ipynb",
        "hashed_secret": "0bbedee3845b48d906ba7ec67e9c04c3ed4396ff",
        "is_verified": false,
        "line_number": 807
      },
      {
        "type": "Hex High Entropy String",
        "filename": "notebooks/01_data_ingestion_and_validation.ipynb",
        "hashed_secret": "4b3b6f16f990482c7856507d9f626e865ac5a4ef",
        "is_verified": false,
        "line_number": 841
      }
    ],
    "notebooks/02_eda_market_overview.ipynb": [
      {
        "type": "Base64 High Entropy String",
        "filename": "notebooks/02_eda_market_overview.ipynb",
        "hashed_secret": "250974eccaeb070c00c38c2a1a22ce8f8ef0d823",
        "is_verified": false,
        "line_number": 221
      },
      {
        "type": "Base64 High Entropy String",
        "filename": "notebooks/02_eda_market_overview.ipynb",
        "hashed_secret": "6cd75067fad4682bac77da922cc9cf2e5240dbfb",
        "is_verified": false,
        "line_number": 318
      },
      {
        "type": "Base64 High Entropy String",
        "filename": "notebooks/02_eda_market_overview.ipynb",
        "hashed_secret": "878c62b1d947ec17f64d8ea1ab1a394224b1b648",
        "is_verified": false,
        "line_number": 380
      },
      {
        "type": "Base64 High Entropy String",
        "filename": "notebooks/02_eda_market_overview.ipynb",
        "hashed_secret": "2af4355550ffad84a07d16aef1d2c7d2da641c59",
        "is_verified": false,
        "line_number": 440
      },
      {
        "type": "Base64 High Entropy String",
        "filename": "notebooks/02_eda_market_overview.ipynb",
        "hashed_secret": "fa67fdb21962dad141a6d652fbbd43a0c23301a4",
        "is_verified": false,
        "line_number": 520
      },
      {
        "type": "Base64 High Entropy String",
        "filename": "notebooks/02_eda_market_overview.ipynb",
        "hashed_secret": "fff84b9d53825fc18a2edf99d3359d044339c641",
        "is_verified": false,
        "line_number": 530
      }
    ],
    "notebooks/03_eda_competitive_intelligence.ipynb": [
      {
        "type": "Base64 High Entropy String",
        "filename": "notebooks/03_eda_competitive_intelligence.ipynb",
        "hashed_secret": "d8cb539fb103de0a5380daa3716f0e6fc3f63ddd",
        "is_verified": false,
        "line_number": 413
      }
    ],
    "notebooks/03a_advanced_product_matching.ipynb": [
      {
        "type": "Base64 High Entropy String",
        "filename": "notebooks/03a_advanced_product_matching.ipynb",
        "hashed_secret": "861d9ca44c6caa9d02f219cd586c23218cc26900",
        "is_verified": false,
        "line_number": 940
      },
      {
        "type": "Base64 High Entropy String",
        "filename": "notebooks/03a_advanced_product_matching.ipynb",
        "hashed_secret": "e4023b6142a39fdbe080a7d05d5b1d2a2915a3fb",
        "is_verified": false,
        "line_number": 964
      },
      {
        "type": "Base64 High Entropy String",
        "filename": "notebooks/03a_advanced_product_matching.ipynb",
        "hashed_secret": "3bb683f8f371b32ccbc037174559c088b366a86c",
        "is_verified": false,
        "line_number": 988
      },
      {
        "type": "Base64 High Entropy String",
        "filename": "notebooks/03a_advanced_product_matching.ipynb",
        "hashed_secret": "7a6bef80c4467b2baa4994690f65c18d1f9ec62a",
        "is_verified": false,
        "line_number": 1012
      },
      {
        "type": "Base64 High Entropy String",
        "filename": "notebooks/03a_advanced_product_matching.ipynb",
        "hashed_secret": "243ecfe09fff00a36a8c0e0bfe0d81dc23cc9963",
        "is_verified": false,
        "line_number": 1036
      },
      {
        "type": "Base64 High Entropy String",
        "filename": "notebooks/03a_advanced_product_matching.ipynb",
        "hashed_secret": "e2544915f7636d58c79e8ee95c278d7d2a26e012",
        "is_verified": false,
        "line_number": 1060
      },
      {
        "type": "Base64 High Entropy String",
        "filename": "notebooks/03a_advanced_product_matching.ipynb",
        "hashed_secret": "13c5ecd594ec5aa7b481bcde2867df2cbd30b29e",
        "is_verified": false,
        "line_number": 1084
      },
      {
        "type": "Base64 High Entropy String",
        "filename": "notebooks/03a_advanced_product_matching.ipynb",
        "hashed_secret": "980b4e270348c1b4b3f0d9c91170dfcacf3fd4b3",
        "is_verified": false,
        "line_number": 1108
      },
      {
        "type": "Base64 High Entropy String",
        "filename": "notebooks/03a_advanced_product_matching.ipynb",
        "hashed_secret": "243f83209ff98e5d488080669d42e303df1de647",
        "is_verified": false,
        "line_number": 1132
      },
      {
        "type": "Base64 High Entropy String",
        "filename": "notebooks/03a_advanced_product_matching.ipynb",
        "hashed_secret": "d23f2914518ea8f2a1c68fc5cf75083d5b2f996e",
        "is_verified": false,
        "line_number": 1156
      },
      {
        "type": "Base64 High Entropy String",
        "filename": "notebooks/03a_advanced_product_matching.ipynb",
        "hashed_secret": "9e224bf47c57a76a04477086964e8fe71d646549",
        "is_verified": false,
        "line_number": 1180
      },
      {
        "type": "Base64 High Entropy String",
        "filename": "notebooks/03a_advanced_product_matching.ipynb",
        "hashed_secret": "1d1a8d150529044688bf8849a9a48c33d1bded76",
        "is_verified": false,
        "line_number": 1204
      },
      {
        "type": "Base64 High Entropy String",
        "filename": "notebooks/03a_advanced_product_matching.ipynb",
        "hashed_secret": "533f64217f0de30d6043f0b3359d0eb1cfa5596f",
        "is_verified": false,
        "line_number": 1228
      }
    ],
    "notebooks/04_statistical_analysis.ipynb": [
      {
        "type": "Base64 High Entropy String",
        "filename": "notebooks/04_statistical_analysis.ipynb",
        "hashed_secret": "4d493c30aa8889aeabe5432d540dc11070114db6",
        "is_verified": false,
        "line_number": 346
      },
      {
        "type": "Base64 High Entropy String",
        "filename": "notebooks/04_statistical_analysis.ipynb",
        "hashed_secret": "0c8168588a473efc1e1be0216c3a0d9457728cc2",
        "is_verified": false,
        "line_number": 460
      }
    ],
    "notebooks/06_model_price_prediction.ipynb": [
      {
        "type": "Base64 High Entropy String",
        "filename": "notebooks/06_model_price_prediction.ipynb",
        "hashed_secret": "98f8f126dde2e28f2a4212135e4cf5384ddc0499",
        "is_verified": false,
        "line_number": 238
      },
      {
        "type": "Base64 High Entropy String",
        "filename": "notebooks/06_model_price_prediction.ipynb",
        "hashed_secret": "b96f313bb3badda798bbf2c34146fe878d4ebcbc",
        "is_verified": false,
        "line_number": 248
      }
    ],
    "notebooks/08_casual_and_market_dynamics.ipynb": [
      {
        "type": "Base64 High Entropy String",
        "filename": "notebooks/08_casual_and_market_dynamics.ipynb",
        "hashed_secret": "ebb7903a1385964ecab23dd82d2f17d16821131a",
        "is_verified": false,
        "line_number": 4516
      }
    ]
  },
  "generated_at": "2026-08-12T13:52:31Z"
}
